[2026-08-10T06:34:35.639Z] [log] %c%s color: red; background: yellow; font-size: 24px; WARNING!
[2026-08-10T06:34:35.640Z] [log] %c%s font-size: 18px; Using this console may allow attackers to impersonate you and steal your information using an attack called Self-XSS.
Do not enter or paste code that you do not understand.
[2026-08-10T06:34:36.318Z] [info] Loading the script 'https://www.googletagmanager.com/gtm.js?id=GTM-K59689F' violates the following Content Security Policy directive: "script-src 'unsafe-inline' 'unsafe-eval' blob: data: https://clients2.google.com/gr/gr_full_2.0.6.js https://clients2.google.com/gr/gr_sync.js https://payments.google.com/payments/v4/js/integrator.js https://payments.sandbox.google.com/payments/v4/js/integrator.js https://ssl.gstatic.com/external_hosted/lottie/lottie.js https://translate.google.com/translate_a/element.js https://www.google-analytics.com/analytics.js https://www.google.com/recaptcha/api.js https://www.googletagmanager.com/gtag/js https://www.googletagmanager.com/gtag/destination https://www.gstatic.com/_/mss/boq-one-google/_/ https://www.gstatic.com/og/_/js/ https://apis.google.com/js/api.js https://apis.google.com/js/client.js https://www.google.com/tools/feedback/chat_load.js https://www.google.com/tools/feedback/help_api.js https://www.google.com/tools/feedback/load.js https://www.google.com/tools/feedback/open.js https://www.google.com/tools/feedback/open_to_help_guide_lazy.js https://www.gstatic.com/feedback/js/ https://www.gstatic.com/feedback/js/help/prod/service/lazy.min.js https://www.gstatic.com/inproduct_help/api/main.min.js https://www.gstatic.com/inproduct_help/chatsupport/chatsupport_button_v2.js https://www.gstatic.com/inproduct_help/service/lazy.min.js https://www.gstatic.com/uservoice/feedback/client/web/live/ https://www.gstatic.com/uservoice/surveys/resources/prod/js/survey/ https://www.google.com/js/bg/ https://www.gstatic.com/_/boq-play/_/js/k=boq-play.PlayStoreUi.en_US.tLpwjpJVEgA.2021.O/ https://apis.google.com/_/scs/abc-static/_/js/ https://translate.googleapis.com/_/translate_http/_/js/ https://www.gstatic.com/recaptcha/releases/ https://payments.youtube.com/payments/v4/js/integrator.js https://payments.cloud.google/payments/v4/js/integrator.js". Note that 'script-src-elem' was not explicitly set, so 'script-src' is used as a fallback. The policy is report-only, so the violation has been logged but no further action has been taken.
[2026-08-10T06:34:37.805Z] [log] JQMIGRATE: Migrate is installed, version 3.4.1
[2026-08-10T06:34:37.805Z] [log] %cThis is a browser feature intended for developers. Do not paste any code here given to you by someone else. It may compromise your account or have other negative side effects. font-weight: bold; font-size: 14px;
[2026-08-10T06:34:38.786Z] [error] Error fetching posts: TypeError: Failed to fetch
    at e.fetchAndRenderItems (https://cdn.bjbikers.com/js/news-widget.standalone.min.js:220:567)
    at e.init (https://cdn.bjbikers.com/js/news-widget.standalone.min.js:200:94)
    at new e (https://cdn.bjbikers.com/js/news-widget.standalone.min.js:1:560)
    at HTMLDocument.<anonymous> (https://forum.bjbikers.com/:5062:7)
[2026-08-10T06:34:38.824Z] [log] JQMIGRATE: Migrate is installed, version 3.4.1
[2026-08-10T06:34:38.824Z] [log] %cThis is a browser feature intended for developers. Do not paste any code here given to you by someone else. It may compromise your account or have other negative side effects. font-weight: bold; font-size: 14px;
[2026-08-10T06:34:39.124Z] [warning] [GPT] PubAdsService.setTargeting is deprecated, use googletag.setConfig({targeting: ...}) instead.
https://goo.gle/gpt-message#170
[2026-08-10T06:34:39.305Z] [error] Error fetching posts: TypeError: Failed to fetch
    at e.fetchAndRenderItems (https://cdn.bjbikers.com/js/news-widget.standalone.min.js:220:567)
    at e.init (https://cdn.bjbikers.com/js/news-widget.standalone.min.js:200:94)
    at new e (https://cdn.bjbikers.com/js/news-widget.standalone.min.js:1:560)
    at HTMLDocument.<anonymous> (https://forum.bjbikers.com/forum/11-predlozi-za-izlete-i-putovanja/page/4/:4217:7)
[2026-08-10T06:34:39.423Z] [log] JQMIGRATE: Migrate is installed, version 3.4.1
[2026-08-10T06:34:39.423Z] [log] %cThis is a browser feature intended for developers. Do not paste any code here given to you by someone else. It may compromise your account or have other negative side effects. font-weight: bold; font-size: 14px;
[2026-08-10T06:34:39.477Z] [warning] [GPT] PubAdsService.setTargeting is deprecated, use googletag.setConfig({targeting: ...}) instead.
https://goo.gle/gpt-message#170
[2026-08-10T06:34:39.903Z] [error] Error fetching posts: TypeError: Failed to fetch
    at e.fetchAndRenderItems (https://cdn.bjbikers.com/js/news-widget.standalone.min.js:220:567)
    at e.init (https://cdn.bjbikers.com/js/news-widget.standalone.min.js:200:94)
    at new e (https://cdn.bjbikers.com/js/news-widget.standalone.min.js:1:560)
    at HTMLDocument.<anonymous> (https://forum.bjbikers.com/forum/11-predlozi-za-izlete-i-putovanja/page/5/:4241:7)
[2026-08-10T06:34:40.058Z] [log] JQMIGRATE: Migrate is installed, version 3.4.1
[2026-08-10T06:34:40.058Z] [log] %cThis is a browser feature intended for developers. Do not paste any code here given to you by someone else. It may compromise your account or have other negative side effects. font-weight: bold; font-size: 14px;
[2026-08-10T06:34:40.123Z] [warning] [GPT] PubAdsService.setTargeting is deprecated, use googletag.setConfig({targeting: ...}) instead.
https://goo.gle/gpt-message#170
[2026-08-10T06:34:45.980Z] [error] Failed to load resource: the server responded with a status of 404 ()
[2026-08-10T06:34:50.725Z] [log] %c%s color: red; background: yellow; font-size: 24px; WARNING!
[2026-08-10T06:34:50.725Z] [log] %c%s font-size: 18px; Using this console may allow attackers to impersonate you and steal your information using an attack called Self-XSS.
Do not enter or paste code that you do not understand.
[2026-08-10T06:34:50.852Z] [info] Loading the script 'https://www.googletagmanager.com/gtm.js?id=GTM-K59689F' violates the following Content Security Policy directive: "script-src 'unsafe-inline' 'unsafe-eval' blob: data: https://clients2.google.com/gr/gr_full_2.0.6.js https://clients2.google.com/gr/gr_sync.js https://payments.google.com/payments/v4/js/integrator.js https://payments.sandbox.google.com/payments/v4/js/integrator.js https://ssl.gstatic.com/external_hosted/lottie/lottie.js https://translate.google.com/translate_a/element.js https://www.google-analytics.com/analytics.js https://www.google.com/recaptcha/api.js https://www.googletagmanager.com/gtag/js https://www.googletagmanager.com/gtag/destination https://www.gstatic.com/_/mss/boq-one-google/_/ https://www.gstatic.com/og/_/js/ https://apis.google.com/js/api.js https://apis.google.com/js/client.js https://www.google.com/tools/feedback/chat_load.js https://www.google.com/tools/feedback/help_api.js https://www.google.com/tools/feedback/load.js https://www.google.com/tools/feedback/open.js https://www.google.com/tools/feedback/open_to_help_guide_lazy.js https://www.gstatic.com/feedback/js/ https://www.gstatic.com/feedback/js/help/prod/service/lazy.min.js https://www.gstatic.com/inproduct_help/api/main.min.js https://www.gstatic.com/inproduct_help/chatsupport/chatsupport_button_v2.js https://www.gstatic.com/inproduct_help/service/lazy.min.js https://www.gstatic.com/uservoice/feedback/client/web/live/ https://www.gstatic.com/uservoice/surveys/resources/prod/js/survey/ https://www.google.com/js/bg/ https://www.gstatic.com/_/boq-play/_/js/k=boq-play.PlayStoreUi.en_US.tLpwjpJVEgA.2021.O/ https://apis.google.com/_/scs/abc-static/_/js/ https://translate.googleapis.com/_/translate_http/_/js/ https://www.gstatic.com/recaptcha/releases/ https://payments.youtube.com/payments/v4/js/integrator.js https://payments.cloud.google/payments/v4/js/integrator.js". Note that 'script-src-elem' was not explicitly set, so 'script-src' is used as a fallback. The policy is report-only, so the violation has been logged but no further action has been taken.
[2026-08-10T06:34:53.009Z] [log] JQMIGRATE: Migrate is installed, version 3.4.1
[2026-08-10T06:34:53.010Z] [log] %cThis is a browser feature intended for developers. Do not paste any code here given to you by someone else. It may compromise your account or have other negative side effects. font-weight: bold; font-size: 14px;
[2026-08-10T06:34:53.494Z] [warning] [GPT] PubAdsService.setTargeting is deprecated, use googletag.setConfig({targeting: ...}) instead.
https://goo.gle/gpt-message#170
[2026-08-10T06:34:55.703Z] [log] JQMIGRATE: Migrate is installed, version 3.4.1
[2026-08-10T06:34:55.704Z] [log] %cThis is a browser feature intended for developers. Do not paste any code here given to you by someone else. It may compromise your account or have other negative side effects. font-weight: bold; font-size: 14px;
[2026-08-10T06:34:56.582Z] [warning] [GPT] PubAdsService.setTargeting is deprecated, use googletag.setConfig({targeting: ...}) instead.
https://goo.gle/gpt-message#170
[2026-08-10T06:34:58.190Z] [log] %c%s color: red; background: yellow; font-size: 24px; WARNING!
[2026-08-10T06:34:58.190Z] [log] %c%s font-size: 18px; Using this console may allow attackers to impersonate you and steal your information using an attack called Self-XSS.
Do not enter or paste code that you do not understand.
[2026-08-10T06:34:58.586Z] [info] Loading the script 'https://www.googletagmanager.com/gtm.js?id=GTM-K59689F' violates the following Content Security Policy directive: "script-src 'unsafe-inline' 'unsafe-eval' blob: data: https://clients2.google.com/gr/gr_full_2.0.6.js https://clients2.google.com/gr/gr_sync.js https://payments.google.com/payments/v4/js/integrator.js https://payments.sandbox.google.com/payments/v4/js/integrator.js https://ssl.gstatic.com/external_hosted/lottie/lottie.js https://translate.google.com/translate_a/element.js https://www.google-analytics.com/analytics.js https://www.google.com/recaptcha/api.js https://www.googletagmanager.com/gtag/js https://www.googletagmanager.com/gtag/destination https://www.gstatic.com/_/mss/boq-one-google/_/ https://www.gstatic.com/og/_/js/ https://apis.google.com/js/api.js https://apis.google.com/js/client.js https://www.google.com/tools/feedback/chat_load.js https://www.google.com/tools/feedback/help_api.js https://www.google.com/tools/feedback/load.js https://www.google.com/tools/feedback/open.js https://www.google.com/tools/feedback/open_to_help_guide_lazy.js https://www.gstatic.com/feedback/js/ https://www.gstatic.com/feedback/js/help/prod/service/lazy.min.js https://www.gstatic.com/inproduct_help/api/main.min.js https://www.gstatic.com/inproduct_help/chatsupport/chatsupport_button_v2.js https://www.gstatic.com/inproduct_help/service/lazy.min.js https://www.gstatic.com/uservoice/feedback/client/web/live/ https://www.gstatic.com/uservoice/surveys/resources/prod/js/survey/ https://www.google.com/js/bg/ https://www.gstatic.com/_/boq-play/_/js/k=boq-play.PlayStoreUi.en_US.tLpwjpJVEgA.2021.O/ https://apis.google.com/_/scs/abc-static/_/js/ https://translate.googleapis.com/_/translate_http/_/js/ https://www.gstatic.com/recaptcha/releases/ https://payments.youtube.com/payments/v4/js/integrator.js https://payments.cloud.google/payments/v4/js/integrator.js". Note that 'script-src-elem' was not explicitly set, so 'script-src' is used as a fallback. The policy is report-only, so the violation has been logged but no further action has been taken.
[2026-08-10T06:34:59.395Z] [log] JQMIGRATE: Migrate is installed, version 3.4.1
[2026-08-10T06:34:59.395Z] [log] %cThis is a browser feature intended for developers. Do not paste any code here given to you by someone else. It may compromise your account or have other negative side effects. font-weight: bold; font-size: 14px;
[2026-08-10T06:34:59.518Z] [warning] [GPT] PubAdsService.setTargeting is deprecated, use googletag.setConfig({targeting: ...}) instead.
https://goo.gle/gpt-message#170
[2026-08-10T06:35:02.160Z] [log] JQMIGRATE: Migrate is installed, version 3.4.1
[2026-08-10T06:35:02.160Z] [log] %cThis is a browser feature intended for developers. Do not paste any code here given to you by someone else. It may compromise your account or have other negative side effects. font-weight: bold; font-size: 14px;
[2026-08-10T06:35:03.004Z] [warning] [GPT] PubAdsService.setTargeting is deprecated, use googletag.setConfig({targeting: ...}) instead.
https://goo.gle/gpt-message#170
[2026-08-10T06:35:04.317Z] [log] JQMIGRATE: Migrate is installed, version 3.4.1
[2026-08-10T06:35:04.317Z] [log] %cThis is a browser feature intended for developers. Do not paste any code here given to you by someone else. It may compromise your account or have other negative side effects. font-weight: bold; font-size: 14px;
[2026-08-10T06:35:04.480Z] [warning] [GPT] PubAdsService.setTargeting is deprecated, use googletag.setConfig({targeting: ...}) instead.
https://goo.gle/gpt-message#170
[2026-08-10T06:35:05.297Z] [log] JQMIGRATE: Migrate is installed, version 3.4.1
[2026-08-10T06:35:05.297Z] [log] %cThis is a browser feature intended for developers. Do not paste any code here given to you by someone else. It may compromise your account or have other negative side effects. font-weight: bold; font-size: 14px;
[2026-08-10T06:35:05.381Z] [warning] [GPT] PubAdsService.setTargeting is deprecated, use googletag.setConfig({targeting: ...}) instead.
https://goo.gle/gpt-message#170
[2026-08-10T06:35:12.816Z] [debug] Tracking page aspect: guidePage with id: 200402037
[2026-08-10T06:35:12.834Z] [debug] Tracking page aspect: teaser with id: 806129665
[2026-08-10T06:35:12.835Z] [debug] Tracking page aspect: teaser with id: 269145074
[2026-08-10T06:35:12.835Z] [debug] Tracking page aspect: teaser with id: 347293441
[2026-08-10T06:35:12.836Z] [debug] Tracking page aspect: teaser with id: 322639176
[2026-08-10T06:35:12.836Z] [debug] Tracking page aspect: teaser with id: 323429640
[2026-08-10T06:35:12.837Z] [debug] Tracking page aspect: teaser with id: 223070235
[2026-08-10T06:35:12.848Z] [log] xxx _maybe_fetch_additional_mapconfig _------ i18n {SPACE: , getDfrd: , reload: , isMetric: , _get__quantityMap: } true
[2026-08-10T06:35:12.937Z] [warning] alp:mixCheck: You might have misspelled the key "maplibre" in the <Where> object:  z  --- Did you mean "proj" instead?
[2026-08-10T06:35:12.938Z] [warning] alp:mixCheck: You might have misspelled the key "maplibre_relief" in the <Where> object:  z  --- Did you mean "placeChange" instead?
[2026-08-10T06:35:13.060Z] [error] Failed to load resource: the server responded with a status of 404 ()
[2026-08-10T06:35:13.284Z] [warning] "debugSource" found.
This will override any same-named client-supplied configSource fields.
This setting "sticks" across session, use "setDebugSource(null)" to clear
[2026-08-10T06:35:13.573Z] [error] Failed to load resource: the server responded with a status of 404 ()
[2026-08-10T06:35:15.093Z] [debug] Tracking page aspect: guidePage with id: 200402037
[2026-08-10T06:35:15.111Z] [debug] Tracking page aspect: teaser with id: 806129665
[2026-08-10T06:35:15.111Z] [debug] Tracking page aspect: teaser with id: 269145074
[2026-08-10T06:35:15.111Z] [debug] Tracking page aspect: teaser with id: 347293441
[2026-08-10T06:35:15.111Z] [debug] Tracking page aspect: teaser with id: 322639176
[2026-08-10T06:35:15.111Z] [debug] Tracking page aspect: teaser with id: 323429640
[2026-08-10T06:35:15.111Z] [debug] Tracking page aspect: teaser with id: 223070235
[2026-08-10T06:35:15.147Z] [log] xxx _maybe_fetch_additional_mapconfig _------ i18n {SPACE: , getDfrd: , reload: , isMetric: , _get__quantityMap: } true
[2026-08-10T06:35:15.255Z] [warning] alp:mixCheck: You might have misspelled the key "maplibre" in the <Where> object:  z  --- Did you mean "proj" instead?
[2026-08-10T06:35:15.255Z] [warning] alp:mixCheck: You might have misspelled the key "maplibre_relief" in the <Where> object:  z  --- Did you mean "placeChange" instead?
[2026-08-10T06:35:15.604Z] [log] xxx _____________ detailpane null
[2026-08-10T06:35:15.644Z] [warning] cfg.cfg_flexview(mapconfig): bm_init osm:summer not found. Falling back to the closest: osm:summer
[2026-08-10T06:35:15.796Z] [error] fallback for q not modified for maybe_chunk_ind:undefined and response: z
[2026-08-10T06:35:16.152Z] [debug] Tracking page aspect: oaxFull
[2026-08-10T06:35:17.764Z] [log] JQMIGRATE: Migrate is installed, version 3.4.1
[2026-08-10T06:35:17.767Z] [log] %cThis is a browser feature intended for developers. Do not paste any code here given to you by someone else. It may compromise your account or have other negative side effects. font-weight: bold; font-size: 14px;
[2026-08-10T06:35:18.017Z] [warning] [GPT] PubAdsService.setTargeting is deprecated, use googletag.setConfig({targeting: ...}) instead.
https://goo.gle/gpt-message#170
[2026-08-10T06:35:31.919Z] [error] Failed to load resource: the server responded with a status of 401 ()
[2026-08-10T06:35:33.239Z] [warning] "debugSource" found.
This will override any same-named client-supplied configSource fields.
This setting "sticks" across session, use "setDebugSource(null)" to clear
[2026-08-10T06:35:36.707Z] [log] JQMIGRATE: Migrate is installed, version 3.4.1
[2026-08-10T06:35:36.707Z] [log] %cThis is a browser feature intended for developers. Do not paste any code here given to you by someone else. It may compromise your account or have other negative side effects. font-weight: bold; font-size: 14px;
[2026-08-10T06:35:36.923Z] [warning] [GPT] PubAdsService.setTargeting is deprecated, use googletag.setConfig({targeting: ...}) instead.
https://goo.gle/gpt-message#170
[2026-08-10T06:35:39.770Z] [warning] "debugSource" found.
This will override any same-named client-supplied configSource fields.
This setting "sticks" across session, use "setDebugSource(null)" to clear
[2026-08-10T06:35:55.112Z] [warning] "debugSource" found.
This will override any same-named client-supplied configSource fields.
This setting "sticks" across session, use "setDebugSource(null)" to clear
[2026-08-10T06:35:55.775Z] [warning] "debugSource" found.
This will override any same-named client-supplied configSource fields.
This setting "sticks" across session, use "setDebugSource(null)" to clear
[2026-08-10T06:36:12.164Z] [log] %c%s color: red; background: yellow; font-size: 24px; WARNING!
[2026-08-10T06:36:12.164Z] [log] %c%s font-size: 18px; Using this console may allow attackers to impersonate you and steal your information using an attack called Self-XSS.
Do not enter or paste code that you do not understand.
[2026-08-10T06:36:12.348Z] [info] Loading the script 'https://www.googletagmanager.com/gtm.js?id=GTM-K59689F' violates the following Content Security Policy directive: "script-src 'unsafe-inline' 'unsafe-eval' blob: data: https://clients2.google.com/gr/gr_full_2.0.6.js https://clients2.google.com/gr/gr_sync.js https://payments.google.com/payments/v4/js/integrator.js https://payments.sandbox.google.com/payments/v4/js/integrator.js https://ssl.gstatic.com/external_hosted/lottie/lottie.js https://translate.google.com/translate_a/element.js https://www.google-analytics.com/analytics.js https://www.google.com/recaptcha/api.js https://www.googletagmanager.com/gtag/js https://www.googletagmanager.com/gtag/destination https://www.gstatic.com/_/mss/boq-one-google/_/ https://www.gstatic.com/og/_/js/ https://apis.google.com/js/api.js https://apis.google.com/js/client.js https://www.google.com/tools/feedback/chat_load.js https://www.google.com/tools/feedback/help_api.js https://www.google.com/tools/feedback/load.js https://www.google.com/tools/feedback/open.js https://www.google.com/tools/feedback/open_to_help_guide_lazy.js https://www.gstatic.com/feedback/js/ https://www.gstatic.com/feedback/js/help/prod/service/lazy.min.js https://www.gstatic.com/inproduct_help/api/main.min.js https://www.gstatic.com/inproduct_help/chatsupport/chatsupport_button_v2.js https://www.gstatic.com/inproduct_help/service/lazy.min.js https://www.gstatic.com/uservoice/feedback/client/web/live/ https://www.gstatic.com/uservoice/surveys/resources/prod/js/survey/ https://www.google.com/js/bg/ https://www.gstatic.com/_/boq-play/_/js/k=boq-play.PlayStoreUi.en_US.tLpwjpJVEgA.2021.O/ https://apis.google.com/_/scs/abc-static/_/js/ https://translate.googleapis.com/_/translate_http/_/js/ https://www.gstatic.com/recaptcha/releases/ https://payments.youtube.com/payments/v4/js/integrator.js https://payments.cloud.google/payments/v4/js/integrator.js". Note that 'script-src-elem' was not explicitly set, so 'script-src' is used as a fallback. The policy is report-only, so the violation has been logged but no further action has been taken.
[2026-08-10T06:36:35.476Z] [warning] "debugSource" found.
This will override any same-named client-supplied configSource fields.
This setting "sticks" across session, use "setDebugSource(null)" to clear
[2026-08-10T06:36:56.126Z] [log] JQMIGRATE: Migrate is installed, version 3.4.1
[2026-08-10T06:36:56.126Z] [log] %cThis is a browser feature intended for developers. Do not paste any code here given to you by someone else. It may compromise your account or have other negative side effects. font-weight: bold; font-size: 14px;
[2026-08-10T06:36:56.341Z] [warning] [GPT] PubAdsService.setTargeting is deprecated, use googletag.setConfig({targeting: ...}) instead.
https://goo.gle/gpt-message#170
[2026-08-10T06:36:56.933Z] [warning] [Cloudflare Turnstile] Unknown parameter passed to api.js: "?csrfKey=...", ignoring.
[2026-08-10T06:36:56.933Z] [warning] [Cloudflare Turnstile] Unknown parameter passed to api.js: "?antiCache=...", ignoring.
[2026-08-10T06:36:57.133Z] [warning] [Cloudflare Turnstile] Language sr_RS is not supported, falling back to: en-us.
[2026-08-10T06:36:57.147Z] [warning] No available adapters.
[2026-08-10T06:36:58.178Z] [warning] OTS parsing error: Size of decompressed WOFF 2.0 is less than compressed size
[2026-08-10T06:36:58.299Z] [startGroupCollapsed] 
[2026-08-10T06:36:58.300Z] [debug] Error
[2026-08-10T06:36:58.303Z] [log] /.*.*=.*/
[2026-08-10T06:36:58.303Z] [log] /.*.*=.*/
[2026-08-10T06:36:58.303Z] [log] function () { [native code] }
[2026-08-10T06:36:58.303Z] [log] function () { [native code] }
[2026-08-10T06:36:58.321Z] [log] JSHandle@node
[2026-08-10T06:36:58.327Z] [log] JSHandle@node
[2026-08-10T06:36:58.327Z] [count]  : 1
[2026-08-10T06:36:58.327Z] [count]  : 1
[2026-08-10T06:36:58.328Z] [debug] %c%d font-size:0;color:transparent NaN
[2026-08-10T06:36:58.328Z] [debug] %c%d font-size:0;color:transparent NaN
[2026-08-10T06:36:58.329Z] [dir]  Error
[2026-08-10T06:36:58.329Z] [dir]  Error
[2026-08-10T06:36:58.329Z] [dirxml] %c%d font-size:0;color:transparent Error
[2026-08-10T06:36:58.330Z] [dirxml] %c%d font-size:0;color:transparent Error
[2026-08-10T06:36:58.330Z] [error] %c%d font-size:0;color:transparent NaN
[2026-08-10T06:36:58.333Z] [error] %c%d font-size:0;color:transparent NaN
[2026-08-10T06:36:58.333Z] [info] %c%d font-size:0;color:transparent NaN
[2026-08-10T06:36:58.334Z] [info] %c%d font-size:0;color:transparent NaN
[2026-08-10T06:36:58.334Z] [log] %c%d font-size:0;color:transparent NaN
[2026-08-10T06:36:58.334Z] [log] %c%d font-size:0;color:transparent NaN
[2026-08-10T06:36:58.335Z] [table] %c%d font-size:0;color:transparent Error
[2026-08-10T06:36:58.335Z] [table] %c%d font-size:0;color:transparent Error
[2026-08-10T06:36:58.335Z] [trace] %c%d font-size:0;color:transparent NaN
[2026-08-10T06:36:58.335Z] [trace] %c%d font-size:0;color:transparent NaN
[2026-08-10T06:36:58.336Z] [warning] %c%d font-size:0;color:transparent NaN
[2026-08-10T06:36:58.336Z] [warning] %c%d font-size:0;color:transparent NaN
[2026-08-10T06:36:58.337Z] [endGroup] console.groupEnd
[2026-08-10T06:37:04.647Z] [warning] The resource https://forum.bjbikers.com/applications/core/interface/ckeditor/ckeditor/skins/moono/editor.css?t=P1PF was preloaded using link preload but not used within a few seconds from the window's load event. Please make sure it has an appropriate `as` value and it is preloaded intentionally.
[2026-08-10T06:37:51.518Z] [log] JQMIGRATE: Migrate is installed, version 3.4.1
[2026-08-10T06:37:51.518Z] [log] %cThis is a browser feature intended for developers. Do not paste any code here given to you by someone else. It may compromise your account or have other negative side effects. font-weight: bold; font-size: 14px;
[2026-08-10T06:37:51.634Z] [warning] [GPT] PubAdsService.setTargeting is deprecated, use googletag.setConfig({targeting: ...}) instead.
https://goo.gle/gpt-message#170
[2026-08-10T06:38:04.975Z] [log] JQMIGRATE: Migrate is installed, version 3.4.1
[2026-08-10T06:38:04.975Z] [log] %cThis is a browser feature intended for developers. Do not paste any code here given to you by someone else. It may compromise your account or have other negative side effects. font-weight: bold; font-size: 14px;
[2026-08-10T06:38:05.029Z] [warning] [GPT] PubAdsService.setTargeting is deprecated, use googletag.setConfig({targeting: ...}) instead.
https://goo.gle/gpt-message#170
[2026-08-10T06:38:05.322Z] [error] Failed to load resource: the server responded with a status of 429 (Too Many Requests)
[2026-08-10T06:38:05.333Z] [log] JQMIGRATE: Migrate is installed, version 3.4.1
[2026-08-10T06:38:05.333Z] [log] %cThis is a browser feature intended for developers. Do not paste any code here given to you by someone else. It may compromise your account or have other negative side effects. font-weight: bold; font-size: 14px;
[2026-08-10T06:38:05.396Z] [warning] [GPT] PubAdsService.setTargeting is deprecated, use googletag.setConfig({targeting: ...}) instead.
https://goo.gle/gpt-message#170
[2026-08-10T06:38:05.590Z] [error] Failed to load resource: the server responded with a status of 429 (Too Many Requests)
[2026-08-10T06:38:05.601Z] [log] JQMIGRATE: Migrate is installed, version 3.4.1
[2026-08-10T06:38:05.601Z] [log] %cThis is a browser feature intended for developers. Do not paste any code here given to you by someone else. It may compromise your account or have other negative side effects. font-weight: bold; font-size: 14px;
[2026-08-10T06:38:05.654Z] [warning] [GPT] PubAdsService.setTargeting is deprecated, use googletag.setConfig({targeting: ...}) instead.
https://goo.gle/gpt-message#170
[2026-08-10T06:38:05.833Z] [error] Failed to load resource: the server responded with a status of 429 (Too Many Requests)
[2026-08-10T06:38:05.843Z] [log] JQMIGRATE: Migrate is installed, version 3.4.1
[2026-08-10T06:38:05.843Z] [log] %cThis is a browser feature intended for developers. Do not paste any code here given to you by someone else. It may compromise your account or have other negative side effects. font-weight: bold; font-size: 14px;
[2026-08-10T06:38:05.890Z] [warning] [GPT] PubAdsService.setTargeting is deprecated, use googletag.setConfig({targeting: ...}) instead.
https://goo.gle/gpt-message#170
[2026-08-10T06:38:06.109Z] [error] Failed to load resource: the server responded with a status of 429 (Too Many Requests)
[2026-08-10T06:38:06.116Z] [log] JQMIGRATE: Migrate is installed, version 3.4.1
[2026-08-10T06:38:06.117Z] [log] %cThis is a browser feature intended for developers. Do not paste any code here given to you by someone else. It may compromise your account or have other negative side effects. font-weight: bold; font-size: 14px;
[2026-08-10T06:38:06.165Z] [warning] [GPT] PubAdsService.setTargeting is deprecated, use googletag.setConfig({targeting: ...}) instead.
https://goo.gle/gpt-message#170
[2026-08-10T06:38:06.359Z] [error] Failed to load resource: the server responded with a status of 429 (Too Many Requests)
[2026-08-10T06:38:06.371Z] [log] JQMIGRATE: Migrate is installed, version 3.4.1
[2026-08-10T06:38:06.371Z] [log] %cThis is a browser feature intended for developers. Do not paste any code here given to you by someone else. It may compromise your account or have other negative side effects. font-weight: bold; font-size: 14px;
[2026-08-10T06:38:06.417Z] [warning] [GPT] PubAdsService.setTargeting is deprecated, use googletag.setConfig({targeting: ...}) instead.
https://goo.gle/gpt-message#170
[2026-08-10T06:38:06.634Z] [error] Failed to load resource: the server responded with a status of 429 (Too Many Requests)
[2026-08-10T06:38:06.648Z] [log] JQMIGRATE: Migrate is installed, version 3.4.1
[2026-08-10T06:38:06.648Z] [log] %cThis is a browser feature intended for developers. Do not paste any code here given to you by someone else. It may compromise your account or have other negative side effects. font-weight: bold; font-size: 14px;
[2026-08-10T06:38:06.725Z] [warning] [GPT] PubAdsService.setTargeting is deprecated, use googletag.setConfig({targeting: ...}) instead.
https://goo.gle/gpt-message#170
[2026-08-10T06:38:06.975Z] [error] Failed to load resource: the server responded with a status of 429 (Too Many Requests)
[2026-08-10T06:38:06.983Z] [log] JQMIGRATE: Migrate is installed, version 3.4.1
[2026-08-10T06:38:06.983Z] [log] %cThis is a browser feature intended for developers. Do not paste any code here given to you by someone else. It may compromise your account or have other negative side effects. font-weight: bold; font-size: 14px;
[2026-08-10T06:38:07.027Z] [warning] [GPT] PubAdsService.setTargeting is deprecated, use googletag.setConfig({targeting: ...}) instead.
https://goo.gle/gpt-message#170
[2026-08-10T06:38:07.193Z] [error] Failed to load resource: the server responded with a status of 429 (Too Many Requests)
[2026-08-10T06:38:07.202Z] [log] JQMIGRATE: Migrate is installed, version 3.4.1
[2026-08-10T06:38:07.202Z] [log] %cThis is a browser feature intended for developers. Do not paste any code here given to you by someone else. It may compromise your account or have other negative side effects. font-weight: bold; font-size: 14px;
[2026-08-10T06:38:07.279Z] [warning] [GPT] PubAdsService.setTargeting is deprecated, use googletag.setConfig({targeting: ...}) instead.
https://goo.gle/gpt-message#170
[2026-08-10T06:38:07.495Z] [error] Failed to load resource: the server responded with a status of 429 (Too Many Requests)
[2026-08-10T06:38:07.507Z] [log] JQMIGRATE: Migrate is installed, version 3.4.1
[2026-08-10T06:38:07.507Z] [log] %cThis is a browser feature intended for developers. Do not paste any code here given to you by someone else. It may compromise your account or have other negative side effects. font-weight: bold; font-size: 14px;
[2026-08-10T06:38:07.573Z] [warning] [GPT] PubAdsService.setTargeting is deprecated, use googletag.setConfig({targeting: ...}) instead.
https://goo.gle/gpt-message#170
[2026-08-10T06:38:07.826Z] [error] Failed to load resource: the server responded with a status of 429 (Too Many Requests)
[2026-08-10T06:38:07.837Z] [log] JQMIGRATE: Migrate is installed, version 3.4.1
[2026-08-10T06:38:07.838Z] [log] %cThis is a browser feature intended for developers. Do not paste any code here given to you by someone else. It may compromise your account or have other negative side effects. font-weight: bold; font-size: 14px;
[2026-08-10T06:38:07.892Z] [warning] [GPT] PubAdsService.setTargeting is deprecated, use googletag.setConfig({targeting: ...}) instead.
https://goo.gle/gpt-message#170
[2026-08-10T06:38:08.143Z] [error] Failed to load resource: the server responded with a status of 429 (Too Many Requests)
[2026-08-10T06:38:08.217Z] [log] JQMIGRATE: Migrate is installed, version 3.4.1
[2026-08-10T06:38:08.217Z] [log] %cThis is a browser feature intended for developers. Do not paste any code here given to you by someone else. It may compromise your account or have other negative side effects. font-weight: bold; font-size: 14px;
[2026-08-10T06:38:08.238Z] [warning] [GPT] PubAdsService.setTargeting is deprecated, use googletag.setConfig({targeting: ...}) instead.
https://goo.gle/gpt-message#170
[2026-08-10T06:38:15.673Z] [log] JQMIGRATE: Migrate is installed, version 3.4.1
[2026-08-10T06:38:15.673Z] [log] %cThis is a browser feature intended for developers. Do not paste any code here given to you by someone else. It may compromise your account or have other negative side effects. font-weight: bold; font-size: 14px;
[2026-08-10T06:38:15.859Z] [warning] [GPT] PubAdsService.setTargeting is deprecated, use googletag.setConfig({targeting: ...}) instead.
https://goo.gle/gpt-message#170
[2026-08-10T06:38:43.234Z] [log] JQMIGRATE: Migrate is installed, version 3.4.1
[2026-08-10T06:38:43.234Z] [log] %cThis is a browser feature intended for developers. Do not paste any code here given to you by someone else. It may compromise your account or have other negative side effects. font-weight: bold; font-size: 14px;
[2026-08-10T06:38:43.433Z] [warning] [GPT] PubAdsService.setTargeting is deprecated, use googletag.setConfig({targeting: ...}) instead.
https://goo.gle/gpt-message#170
[2026-08-10T06:38:45.004Z] [error] Failed to load resource: the server responded with a status of 429 (Too Many Requests)
[2026-08-10T06:38:45.038Z] [log] JQMIGRATE: Migrate is installed, version 3.4.1
[2026-08-10T06:38:45.038Z] [log] %cThis is a browser feature intended for developers. Do not paste any code here given to you by someone else. It may compromise your account or have other negative side effects. font-weight: bold; font-size: 14px;
[2026-08-10T06:38:45.139Z] [warning] [GPT] PubAdsService.setTargeting is deprecated, use googletag.setConfig({targeting: ...}) instead.
https://goo.gle/gpt-message#170
[2026-08-10T06:38:46.405Z] [error] Failed to load resource: the server responded with a status of 429 (Too Many Requests)
[2026-08-10T06:38:46.428Z] [log] JQMIGRATE: Migrate is installed, version 3.4.1
[2026-08-10T06:38:46.428Z] [log] %cThis is a browser feature intended for developers. Do not paste any code here given to you by someone else. It may compromise your account or have other negative side effects. font-weight: bold; font-size: 14px;
[2026-08-10T06:38:46.536Z] [warning] [GPT] PubAdsService.setTargeting is deprecated, use googletag.setConfig({targeting: ...}) instead.
https://goo.gle/gpt-message#170
[2026-08-10T06:38:48.123Z] [log] JQMIGRATE: Migrate is installed, version 3.4.1
[2026-08-10T06:38:48.123Z] [log] %cThis is a browser feature intended for developers. Do not paste any code here given to you by someone else. It may compromise your account or have other negative side effects. font-weight: bold; font-size: 14px;
[2026-08-10T06:38:48.301Z] [warning] [GPT] PubAdsService.setTargeting is deprecated, use googletag.setConfig({targeting: ...}) instead.
https://goo.gle/gpt-message#170
[2026-08-10T06:38:49.554Z] [error] Failed to load resource: the server responded with a status of 429 (Too Many Requests)
[2026-08-10T06:38:49.565Z] [log] JQMIGRATE: Migrate is installed, version 3.4.1
[2026-08-10T06:38:49.565Z] [log] %cThis is a browser feature intended for developers. Do not paste any code here given to you by someone else. It may compromise your account or have other negative side effects. font-weight: bold; font-size: 14px;
[2026-08-10T06:38:49.698Z] [warning] [GPT] PubAdsService.setTargeting is deprecated, use googletag.setConfig({targeting: ...}) instead.
https://goo.gle/gpt-message#170
[2026-08-10T06:38:50.930Z] [error] Failed to load resource: the server responded with a status of 429 (Too Many Requests)
[2026-08-10T06:38:50.943Z] [log] JQMIGRATE: Migrate is installed, version 3.4.1
[2026-08-10T06:38:50.943Z] [log] %cThis is a browser feature intended for developers. Do not paste any code here given to you by someone else. It may compromise your account or have other negative side effects. font-weight: bold; font-size: 14px;
[2026-08-10T06:38:51.001Z] [warning] [GPT] PubAdsService.setTargeting is deprecated, use googletag.setConfig({targeting: ...}) instead.
https://goo.gle/gpt-message#170
[2026-08-10T06:38:52.589Z] [log] JQMIGRATE: Migrate is installed, version 3.4.1
[2026-08-10T06:38:52.589Z] [log] %cThis is a browser feature intended for developers. Do not paste any code here given to you by someone else. It may compromise your account or have other negative side effects. font-weight: bold; font-size: 14px;
[2026-08-10T06:38:52.747Z] [warning] [GPT] PubAdsService.setTargeting is deprecated, use googletag.setConfig({targeting: ...}) instead.
https://goo.gle/gpt-message#170
[2026-08-10T06:38:54.093Z] [error] Failed to load resource: the server responded with a status of 429 (Too Many Requests)
[2026-08-10T06:38:54.106Z] [log] JQMIGRATE: Migrate is installed, version 3.4.1
[2026-08-10T06:38:54.106Z] [log] %cThis is a browser feature intended for developers. Do not paste any code here given to you by someone else. It may compromise your account or have other negative side effects. font-weight: bold; font-size: 14px;
[2026-08-10T06:38:54.214Z] [warning] [GPT] PubAdsService.setTargeting is deprecated, use googletag.setConfig({targeting: ...}) instead.
https://goo.gle/gpt-message#170
[2026-08-10T06:38:55.430Z] [error] Failed to load resource: the server responded with a status of 429 (Too Many Requests)
[2026-08-10T06:38:55.443Z] [log] JQMIGRATE: Migrate is installed, version 3.4.1
[2026-08-10T06:38:55.444Z] [log] %cThis is a browser feature intended for developers. Do not paste any code here given to you by someone else. It may compromise your account or have other negative side effects. font-weight: bold; font-size: 14px;
[2026-08-10T06:38:55.508Z] [warning] [GPT] PubAdsService.setTargeting is deprecated, use googletag.setConfig({targeting: ...}) instead.
https://goo.gle/gpt-message#170
[2026-08-10T06:38:56.887Z] [error] Failed to load resource: the server responded with a status of 429 (Too Many Requests)
[2026-08-10T06:38:56.895Z] [log] JQMIGRATE: Migrate is installed, version 3.4.1
[2026-08-10T06:38:56.895Z] [log] %cThis is a browser feature intended for developers. Do not paste any code here given to you by someone else. It may compromise your account or have other negative side effects. font-weight: bold; font-size: 14px;
[2026-08-10T06:38:56.982Z] [warning] [GPT] PubAdsService.setTargeting is deprecated, use googletag.setConfig({targeting: ...}) instead.
https://goo.gle/gpt-message#170
[2026-08-10T06:38:58.761Z] [log] JQMIGRATE: Migrate is installed, version 3.4.1
[2026-08-10T06:38:58.761Z] [log] %cThis is a browser feature intended for developers. Do not paste any code here given to you by someone else. It may compromise your account or have other negative side effects. font-weight: bold; font-size: 14px;
[2026-08-10T06:38:58.940Z] [warning] [GPT] PubAdsService.setTargeting is deprecated, use googletag.setConfig({targeting: ...}) instead.
https://goo.gle/gpt-message#170
[2026-08-10T06:39:00.646Z] [error] Failed to load resource: the server responded with a status of 429 (Too Many Requests)
[2026-08-10T06:39:00.705Z] [log] JQMIGRATE: Migrate is installed, version 3.4.1
[2026-08-10T06:39:00.705Z] [log] %cThis is a browser feature intended for developers. Do not paste any code here given to you by someone else. It may compromise your account or have other negative side effects. font-weight: bold; font-size: 14px;
[2026-08-10T06:39:00.722Z] [warning] [GPT] PubAdsService.setTargeting is deprecated, use googletag.setConfig({targeting: ...}) instead.
https://goo.gle/gpt-message#170
[2026-08-10T06:39:37.809Z] [log] JQMIGRATE: Migrate is installed, version 3.4.1
[2026-08-10T06:39:37.809Z] [log] %cThis is a browser feature intended for developers. Do not paste any code here given to you by someone else. It may compromise your account or have other negative side effects. font-weight: bold; font-size: 14px;
[2026-08-10T06:39:38.075Z] [warning] [GPT] PubAdsService.setTargeting is deprecated, use googletag.setConfig({targeting: ...}) instead.
https://goo.gle/gpt-message#170
[2026-08-10T06:39:44.199Z] [log] JQMIGRATE: Migrate is installed, version 3.4.1
[2026-08-10T06:39:44.199Z] [log] %cThis is a browser feature intended for developers. Do not paste any code here given to you by someone else. It may compromise your account or have other negative side effects. font-weight: bold; font-size: 14px;
[2026-08-10T06:39:44.386Z] [warning] [GPT] PubAdsService.setTargeting is deprecated, use googletag.setConfig({targeting: ...}) instead.
https://goo.gle/gpt-message#170
[2026-08-10T06:40:03.608Z] [log] JQMIGRATE: Migrate is installed, version 3.4.1
[2026-08-10T06:40:03.608Z] [log] %cThis is a browser feature intended for developers. Do not paste any code here given to you by someone else. It may compromise your account or have other negative side effects. font-weight: bold; font-size: 14px;
[2026-08-10T06:40:03.634Z] [warning] [GPT] PubAdsService.setTargeting is deprecated, use googletag.setConfig({targeting: ...}) instead.
https://goo.gle/gpt-message#170
[2026-08-10T06:40:09.424Z] [log] JQMIGRATE: Migrate is installed, version 3.4.1
[2026-08-10T06:40:09.424Z] [log] %cThis is a browser feature intended for developers. Do not paste any code here given to you by someone else. It may compromise your account or have other negative side effects. font-weight: bold; font-size: 14px;
[2026-08-10T06:40:09.604Z] [warning] [GPT] PubAdsService.setTargeting is deprecated, use googletag.setConfig({targeting: ...}) instead.
https://goo.gle/gpt-message#170
[2026-08-10T06:40:16.414Z] [log] JQMIGRATE: Migrate is installed, version 3.4.1
[2026-08-10T06:40:16.414Z] [log] %cThis is a browser feature intended for developers. Do not paste any code here given to you by someone else. It may compromise your account or have other negative side effects. font-weight: bold; font-size: 14px;
[2026-08-10T06:40:16.620Z] [warning] [GPT] PubAdsService.setTargeting is deprecated, use googletag.setConfig({targeting: ...}) instead.
https://goo.gle/gpt-message#170
[2026-08-10T06:40:24.790Z] [error] Failed to load resource: the server responded with a status of 404 ()
[2026-08-10T06:40:36.796Z] [log] JQMIGRATE: Migrate is installed, version 3.4.1
[2026-08-10T06:40:36.807Z] [log] %cThis is a browser feature intended for developers. Do not paste any code here given to you by someone else. It may compromise your account or have other negative side effects. font-weight: bold; font-size: 14px;
[2026-08-10T06:40:36.956Z] [warning] [GPT] PubAdsService.setTargeting is deprecated, use googletag.setConfig({targeting: ...}) instead.
https://goo.gle/gpt-message#170
[2026-08-10T06:40:55.474Z] [log] JQMIGRATE: Migrate is installed, version 3.4.1
[2026-08-10T06:40:55.474Z] [log] %cThis is a browser feature intended for developers. Do not paste any code here given to you by someone else. It may compromise your account or have other negative side effects. font-weight: bold; font-size: 14px;
[2026-08-10T06:40:55.742Z] [warning] [GPT] PubAdsService.setTargeting is deprecated, use googletag.setConfig({targeting: ...}) instead.
https://goo.gle/gpt-message#170
[2026-08-10T06:41:01.554Z] [log] JQMIGRATE: Migrate is installed, version 3.4.1
[2026-08-10T06:41:01.554Z] [log] %cThis is a browser feature intended for developers. Do not paste any code here given to you by someone else. It may compromise your account or have other negative side effects. font-weight: bold; font-size: 14px;
[2026-08-10T06:41:01.768Z] [warning] [GPT] PubAdsService.setTargeting is deprecated, use googletag.setConfig({targeting: ...}) instead.
https://goo.gle/gpt-message#170
[2026-08-10T06:41:20.125Z] [log] JQMIGRATE: Migrate is installed, version 3.4.1
[2026-08-10T06:41:20.125Z] [log] %cThis is a browser feature intended for developers. Do not paste any code here given to you by someone else. It may compromise your account or have other negative side effects. font-weight: bold; font-size: 14px;
[2026-08-10T06:41:20.212Z] [warning] [GPT] PubAdsService.setTargeting is deprecated, use googletag.setConfig({targeting: ...}) instead.
https://goo.gle/gpt-message#170
[2026-08-10T06:41:58.749Z] [warning] "debugSource" found.
This will override any same-named client-supplied configSource fields.
This setting "sticks" across session, use "setDebugSource(null)" to clear
[2026-08-10T06:42:18.757Z] [error] Failed to load resource: the server responded with a status of 404 ()
[2026-08-10T06:42:25.448Z] [error] Failed to load resource: the server responded with a status of 404 ()
[2026-08-10T06:42:44.311Z] [error] Failed to load resource: the server responded with a status of 404 ()
[2026-08-10T06:42:52.936Z] [error] Failed to load resource: the server responded with a status of 404 ()
[2026-08-10T06:43:46.022Z] [log] JQMIGRATE: Migrate is installed, version 3.4.1
[2026-08-10T06:43:46.046Z] [log] %cThis is a browser feature intended for developers. Do not paste any code here given to you by someone else. It may compromise your account or have other negative side effects. font-weight: bold; font-size: 14px;
[2026-08-10T06:43:46.323Z] [warning] [GPT] PubAdsService.setTargeting is deprecated, use googletag.setConfig({targeting: ...}) instead.
https://goo.gle/gpt-message#170
[2026-08-10T06:43:47.036Z] [warning] [Cloudflare Turnstile] Unknown parameter passed to api.js: "?csrfKey=...", ignoring.
[2026-08-10T06:43:47.036Z] [warning] [Cloudflare Turnstile] Unknown parameter passed to api.js: "?antiCache=...", ignoring.
[2026-08-10T06:43:47.176Z] [warning] [Cloudflare Turnstile] Language sr_RS is not supported, falling back to: en-us.
[2026-08-10T06:43:47.207Z] [warning] No available adapters.
[2026-08-10T06:43:47.712Z] [startGroupCollapsed] 
[2026-08-10T06:43:47.712Z] [debug] Error
[2026-08-10T06:43:47.716Z] [log] /.*.*=.*/
[2026-08-10T06:43:47.720Z] [log] /.*.*=.*/
[2026-08-10T06:43:47.723Z] [log] function () { [native code] }
[2026-08-10T06:43:47.731Z] [log] function () { [native code] }
[2026-08-10T06:43:47.731Z] [log] JSHandle@node
[2026-08-10T06:43:47.734Z] [log] JSHandle@node
[2026-08-10T06:43:47.735Z] [count]  : 1
[2026-08-10T06:43:47.735Z] [count]  : 1
[2026-08-10T06:43:47.735Z] [debug] %c%d font-size:0;color:transparent NaN
[2026-08-10T06:43:47.736Z] [debug] %c%d font-size:0;color:transparent NaN
[2026-08-10T06:43:47.736Z] [dir]  Error
[2026-08-10T06:43:47.736Z] [dir]  Error
[2026-08-10T06:43:47.736Z] [dirxml] %c%d font-size:0;color:transparent Error
[2026-08-10T06:43:47.737Z] [dirxml] %c%d font-size:0;color:transparent Error
[2026-08-10T06:43:47.737Z] [error] %c%d font-size:0;color:transparent NaN
[2026-08-10T06:43:47.737Z] [error] %c%d font-size:0;color:transparent NaN
[2026-08-10T06:43:47.737Z] [info] %c%d font-size:0;color:transparent NaN
[2026-08-10T06:43:47.737Z] [info] %c%d font-size:0;color:transparent NaN
[2026-08-10T06:43:47.738Z] [log] %c%d font-size:0;color:transparent NaN
[2026-08-10T06:43:47.738Z] [log] %c%d font-size:0;color:transparent NaN
[2026-08-10T06:43:47.738Z] [table] %c%d font-size:0;color:transparent Error
[2026-08-10T06:43:47.738Z] [table] %c%d font-size:0;color:transparent Error
[2026-08-10T06:43:47.739Z] [trace] %c%d font-size:0;color:transparent NaN
[2026-08-10T06:43:47.739Z] [trace] %c%d font-size:0;color:transparent NaN
[2026-08-10T06:43:47.739Z] [warning] %c%d font-size:0;color:transparent NaN
[2026-08-10T06:43:47.739Z] [warning] %c%d font-size:0;color:transparent NaN
[2026-08-10T06:43:47.740Z] [endGroup] console.groupEnd
[2026-08-10T06:43:48.283Z] [warning] OTS parsing error: Size of decompressed WOFF 2.0 is less than compressed size
[2026-08-10T06:43:54.664Z] [warning] The resource https://forum.bjbikers.com/applications/core/interface/ckeditor/ckeditor/skins/moono/editor.css?t=P1PF was preloaded using link preload but not used within a few seconds from the window's load event. Please make sure it has an appropriate `as` value and it is preloaded intentionally.
[2026-08-10T06:44:49.684Z] [warning] The resource https://forum.bjbikers.com/applications/core/interface/ckeditor/ckeditor/skins/moono/editor.css?t=P1PF was preloaded using link preload but not used within a few seconds from the window's load event. Please make sure it has an appropriate `as` value and it is preloaded intentionally.
[2026-08-10T06:45:30.537Z] [warning] "debugSource" found.
This will override any same-named client-supplied configSource fields.
This setting "sticks" across session, use "setDebugSource(null)" to clear
[2026-08-10T06:45:38.716Z] [log] %c%s color: red; background: yellow; font-size: 24px; WARNING!
[2026-08-10T06:45:38.716Z] [log] %c%s font-size: 18px; Using this console may allow attackers to impersonate you and steal your information using an attack called Self-XSS.
Do not enter or paste code that you do not understand.
[2026-08-10T06:45:38.870Z] [info] Loading the script 'https://www.googletagmanager.com/gtm.js?id=GTM-K59689F' violates the following Content Security Policy directive: "script-src 'unsafe-inline' 'unsafe-eval' blob: data: https://clients2.google.com/gr/gr_full_2.0.6.js https://clients2.google.com/gr/gr_sync.js https://payments.google.com/payments/v4/js/integrator.js https://payments.sandbox.google.com/payments/v4/js/integrator.js https://ssl.gstatic.com/external_hosted/lottie/lottie.js https://translate.google.com/translate_a/element.js https://www.google-analytics.com/analytics.js https://www.google.com/recaptcha/api.js https://www.googletagmanager.com/gtag/js https://www.googletagmanager.com/gtag/destination https://www.gstatic.com/_/mss/boq-one-google/_/ https://www.gstatic.com/og/_/js/ https://apis.google.com/js/api.js https://apis.google.com/js/client.js https://www.google.com/tools/feedback/chat_load.js https://www.google.com/tools/feedback/help_api.js https://www.google.com/tools/feedback/load.js https://www.google.com/tools/feedback/open.js https://www.google.com/tools/feedback/open_to_help_guide_lazy.js https://www.gstatic.com/feedback/js/ https://www.gstatic.com/feedback/js/help/prod/service/lazy.min.js https://www.gstatic.com/inproduct_help/api/main.min.js https://www.gstatic.com/inproduct_help/chatsupport/chatsupport_button_v2.js https://www.gstatic.com/inproduct_help/service/lazy.min.js https://www.gstatic.com/uservoice/feedback/client/web/live/ https://www.gstatic.com/uservoice/surveys/resources/prod/js/survey/ https://www.google.com/js/bg/ https://www.gstatic.com/_/boq-play/_/js/k=boq-play.PlayStoreUi.en_US.tLpwjpJVEgA.2021.O/ https://apis.google.com/_/scs/abc-static/_/js/ https://translate.googleapis.com/_/translate_http/_/js/ https://www.gstatic.com/recaptcha/releases/ https://payments.youtube.com/payments/v4/js/integrator.js https://payments.cloud.google/payments/v4/js/integrator.js". Note that 'script-src-elem' was not explicitly set, so 'script-src' is used as a fallback. The policy is report-only, so the violation has been logged but no further action has been taken.
[2026-08-10T06:45:43.282Z] [warning] Google Maps JavaScript API has been loaded directly without loading=async. This can result in suboptimal performance. For best-practice loading patterns please see https://goo.gle/js-api-loading
[2026-08-10T06:45:43.312Z] [warning] As of March 1st, 2025, google.maps.places.PlacesService is not available to new customers. Please use google.maps.places.Place instead. At this time, google.maps.places.PlacesService is not scheduled to be discontinued, but google.maps.places.Place is recommended over google.maps.places.PlacesService. While google.maps.places.PlacesService will continue to receive bug fixes for any major regressions, existing bugs in google.maps.places.PlacesService will not be addressed. At least 12 months notice will be given before support is discontinued. Please see https://developers.google.com/maps/legacy for additional details and https://developers.google.com/maps/documentation/javascript/places-migration-overview for the migration guide.
[2026-08-10T06:45:53.561Z] [warning] Unrecognized feature: 'web-share'.
[2026-08-10T06:45:53.704Z] [log] []
[2026-08-10T06:45:53.706Z] [log] [LiteSpeed] Start Lazy Load
[2026-08-10T06:46:03.489Z] [log] [LiteSpeed] Start Lazy Load
[2026-08-10T06:46:03.494Z] [log] []
[2026-08-10T06:46:16.376Z] [log] JQMIGRATE: Migrate is installed, version 3.4.1
[2026-08-10T06:46:16.380Z] [log] %cThis is a browser feature intended for developers. Do not paste any code here given to you by someone else. It may compromise your account or have other negative side effects. font-weight: bold; font-size: 14px;
[2026-08-10T06:46:16.508Z] [warning] [GPT] PubAdsService.setTargeting is deprecated, use googletag.setConfig({targeting: ...}) instead.
https://goo.gle/gpt-message#170
[2026-08-10T06:47:55.522Z] [warning] [GPT] PubAdsService.setTargeting is deprecated, use googletag.setConfig({targeting: ...}) instead.
https://goo.gle/gpt-message#170
[2026-08-10T06:47:55.709Z] [log] JQMIGRATE: Migrate is installed, version 3.4.1
[2026-08-10T06:47:55.709Z] [log] %cThis is a browser feature intended for developers. Do not paste any code here given to you by someone else. It may compromise your account or have other negative side effects. font-weight: bold; font-size: 14px;
[2026-08-10T06:51:55.216Z] [log] JQMIGRATE: Migrate is installed, version 3.4.1
[2026-08-10T06:51:55.216Z] [log] %cThis is a browser feature intended for developers. Do not paste any code here given to you by someone else. It may compromise your account or have other negative side effects. font-weight: bold; font-size: 14px;
[2026-08-10T06:51:55.332Z] [warning] [GPT] PubAdsService.setTargeting is deprecated, use googletag.setConfig({targeting: ...}) instead.
https://goo.gle/gpt-message#170
[2026-08-10T06:52:04.587Z] [log] JQMIGRATE: Migrate is installed, version 3.4.1
[2026-08-10T06:52:04.587Z] [log] %cThis is a browser feature intended for developers. Do not paste any code here given to you by someone else. It may compromise your account or have other negative side effects. font-weight: bold; font-size: 14px;
[2026-08-10T06:52:04.632Z] [warning] [GPT] PubAdsService.setTargeting is deprecated, use googletag.setConfig({targeting: ...}) instead.
https://goo.gle/gpt-message#170
[2026-08-10T06:52:24.478Z] [log] %c%s color: red; background: yellow; font-size: 24px; WARNING!
[2026-08-10T06:52:24.478Z] [log] %c%s font-size: 18px; Using this console may allow attackers to impersonate you and steal your information using an attack called Self-XSS.
Do not enter or paste code that you do not understand.
[2026-08-10T06:52:24.930Z] [log] %c%s color: red; background: yellow; font-size: 24px; WARNING!
[2026-08-10T06:52:24.930Z] [log] %c%s font-size: 18px; Using this console may allow attackers to impersonate you and steal your information using an attack called Self-XSS.
Do not enter or paste code that you do not understand.
[2026-08-10T06:52:25.113Z] [info] Loading the script 'https://www.googletagmanager.com/gtm.js?id=GTM-K59689F' violates the following Content Security Policy directive: "script-src 'unsafe-inline' 'unsafe-eval' blob: data: https://clients2.google.com/gr/gr_full_2.0.6.js https://clients2.google.com/gr/gr_sync.js https://payments.google.com/payments/v4/js/integrator.js https://payments.sandbox.google.com/payments/v4/js/integrator.js https://ssl.gstatic.com/external_hosted/lottie/lottie.js https://translate.google.com/translate_a/element.js https://www.google-analytics.com/analytics.js https://www.google.com/recaptcha/api.js https://www.googletagmanager.com/gtag/js https://www.googletagmanager.com/gtag/destination https://www.gstatic.com/_/mss/boq-one-google/_/ https://www.gstatic.com/og/_/js/ https://apis.google.com/js/api.js https://apis.google.com/js/client.js https://www.google.com/tools/feedback/chat_load.js https://www.google.com/tools/feedback/help_api.js https://www.google.com/tools/feedback/load.js https://www.google.com/tools/feedback/open.js https://www.google.com/tools/feedback/open_to_help_guide_lazy.js https://www.gstatic.com/feedback/js/ https://www.gstatic.com/feedback/js/help/prod/service/lazy.min.js https://www.gstatic.com/inproduct_help/api/main.min.js https://www.gstatic.com/inproduct_help/chatsupport/chatsupport_button_v2.js https://www.gstatic.com/inproduct_help/service/lazy.min.js https://www.gstatic.com/uservoice/feedback/client/web/live/ https://www.gstatic.com/uservoice/surveys/resources/prod/js/survey/ https://www.google.com/js/bg/ https://www.gstatic.com/_/boq-play/_/js/k=boq-play.PlayStoreUi.en_US.tLpwjpJVEgA.2021.O/ https://apis.google.com/_/scs/abc-static/_/js/ https://translate.googleapis.com/_/translate_http/_/js/ https://www.gstatic.com/recaptcha/releases/ https://payments.youtube.com/payments/v4/js/integrator.js https://payments.cloud.google/payments/v4/js/integrator.js". Note that 'script-src-elem' was not explicitly set, so 'script-src' is used as a fallback. The policy is report-only, so the violation has been logged but no further action has been taken.
[2026-08-10T06:52:57.495Z] [error] Failed to load resource: the server responded with a status of 429 ()
[2026-08-10T06:52:57.620Z] [warning] "debugSource" found.
This will override any same-named client-supplied configSource fields.
This setting "sticks" across session, use "setDebugSource(null)" to clear
[2026-08-10T06:53:05.564Z] [error] Failed to load resource: the server responded with a status of 404 ()
[2026-08-10T06:53:05.587Z] [warning] "debugSource" found.
This will override any same-named client-supplied configSource fields.
This setting "sticks" across session, use "setDebugSource(null)" to clear
[2026-08-10T06:53:05.666Z] [error] Failed to load resource: the server responded with a status of 429 ()
[2026-08-10T06:53:05.699Z] [error] Failed to load resource: the server responded with a status of 404 ()
[2026-08-10T06:53:05.717Z] [warning] "debugSource" found.
This will override any same-named client-supplied configSource fields.
This setting "sticks" across session, use "setDebugSource(null)" to clear
[2026-08-10T06:53:19.917Z] [log] %c%s color: red; background: yellow; font-size: 24px; UPOZORENJE!
[2026-08-10T06:53:19.917Z] [log] %c%s font-size: 18px; Upotreba ove konzole napadačima može omogućiti da vas oponašaju i ukradu vaše podatke u napadu koji se zove Self-XSS.
Nemojte unositi ni lijepiti kôd koji ne razumijete.
[2026-08-10T06:53:20.111Z] [info] Loading the script 'https://www.googletagmanager.com/gtm.js?id=GTM-K59689F' violates the following Content Security Policy directive: "script-src 'unsafe-inline' 'unsafe-eval' blob: data: https://clients2.google.com/gr/gr_full_2.0.6.js https://clients2.google.com/gr/gr_sync.js https://payments.google.com/payments/v4/js/integrator.js https://payments.sandbox.google.com/payments/v4/js/integrator.js https://ssl.gstatic.com/external_hosted/lottie/lottie.js https://translate.google.com/translate_a/element.js https://www.google-analytics.com/analytics.js https://www.google.com/recaptcha/api.js https://www.googletagmanager.com/gtag/js https://www.googletagmanager.com/gtag/destination https://www.gstatic.com/_/mss/boq-one-google/_/ https://www.gstatic.com/og/_/js/ https://apis.google.com/js/api.js https://apis.google.com/js/client.js https://www.google.com/tools/feedback/chat_load.js https://www.google.com/tools/feedback/help_api.js https://www.google.com/tools/feedback/load.js https://www.google.com/tools/feedback/open.js https://www.google.com/tools/feedback/open_to_help_guide_lazy.js https://www.gstatic.com/feedback/js/ https://www.gstatic.com/feedback/js/help/prod/service/lazy.min.js https://www.gstatic.com/inproduct_help/api/main.min.js https://www.gstatic.com/inproduct_help/chatsupport/chatsupport_button_v2.js https://www.gstatic.com/inproduct_help/service/lazy.min.js https://www.gstatic.com/uservoice/feedback/client/web/live/ https://www.gstatic.com/uservoice/surveys/resources/prod/js/survey/ https://www.google.com/js/bg/ https://www.gstatic.com/_/boq-play/_/js/k=boq-play.PlayStoreUi.hr.UKLAUDv3QqM.2021.O/ https://apis.google.com/_/scs/abc-static/_/js/ https://translate.googleapis.com/_/translate_http/_/js/ https://www.gstatic.com/recaptcha/releases/ https://payments.youtube.com/payments/v4/js/integrator.js https://payments.cloud.google/payments/v4/js/integrator.js". Note that 'script-src-elem' was not explicitly set, so 'script-src' is used as a fallback. The policy is report-only, so the violation has been logged but no further action has been taken.
[2026-08-10T06:54:09.674Z] [log] JQMIGRATE: Migrate is installed with logging active, version 3.3.0
[2026-08-10T06:54:09.675Z] [warning] JQMIGRATE: jQuery.fn.bind() is deprecated
[2026-08-10T06:54:09.675Z] [trace] console.trace
[2026-08-10T06:54:09.675Z] [warning] JQMIGRATE: JQMIGRATE: jQuery.cssProps is deprecated
[2026-08-10T06:54:09.675Z] [trace] console.trace
[2026-08-10T06:54:09.675Z] [log] %cThis is a browser feature intended for developers. Do not paste any code here given to you by someone else. It may compromise your account or have other negative side effects. font-weight: bold; font-size: 14px;
